2025-01-06T12:03:13+00:00 DEBUG Automattic\WooCommerce\GoogleListingsAndAds\Product\WCProductAdapter::map_product_categories Product category (ID: 4708): ["\u062f\u0639\u0627\u064a\u0629 \u0648\u0627\u0639\u0644\u0627\u0646"].
2025-01-06T12:03:17+00:00 DEBUG Automattic\WooCommerce\GoogleListingsAndAds\Product\WCProductAdapter::map_product_categories Product category (ID: 4708): ["\u062f\u0639\u0627\u064a\u0629 \u0648\u0627\u0639\u0644\u0627\u0646"].
2025-01-06T12:03:29+00:00 DEBUG Automattic\WooCommerce\GoogleListingsAndAds\Product\WCProductAdapter::map_product_categories Product category (ID: 4445): ["\u062f\u0631\u0648\u0639 \u0648\u0647\u062f\u0627\u064a\u0627 > \u062a\u0642\u0648\u064a\u0645\u0627\u062a"].
2025-01-06T12:03:33+00:00 DEBUG Automattic\WooCommerce\GoogleListingsAndAds\Product\WCProductAdapter::map_product_categories Product category (ID: 4708): ["\u062f\u0639\u0627\u064a\u0629 \u0648\u0627\u0639\u0644\u0627\u0646"].
2025-01-06T12:03:38+00:00 DEBUG Automattic\WooCommerce\GoogleListingsAndAds\Product\WCProductAdapter::map_product_categories Product category (ID: 4443): ["\u062f\u0631\u0648\u0639 \u0648\u0647\u062f\u0627\u064a\u0627 > \u062a\u0642\u0648\u064a\u0645\u0627\u062a"].
2025-01-06T12:03:42+00:00 DEBUG Automattic\WooCommerce\GoogleListingsAndAds\Product\WCProductAdapter::map_product_categories Product category (ID: 4708): ["\u062f\u0639\u0627\u064a\u0629 \u0648\u0627\u0639\u0644\u0627\u0646"].
2025-01-06T12:03:54+00:00 DEBUG Automattic\WooCommerce\GoogleListingsAndAds\Product\WCProductAdapter::map_product_categories Product category (ID: 4442): ["\u062f\u0631\u0648\u0639 \u0648\u0647\u062f\u0627\u064a\u0627 > \u062a\u0642\u0648\u064a\u0645\u0627\u062a"].
2025-01-06T12:03:57+00:00 DEBUG Automattic\WooCommerce\GoogleListingsAndAds\Product\WCProductAdapter::map_product_categories Product category (ID: 4708): ["\u062f\u0639\u0627\u064a\u0629 \u0648\u0627\u0639\u0644\u0627\u0646"].
2025-01-06T12:04:10+00:00 DEBUG Automattic\WooCommerce\GoogleListingsAndAds\Product\WCProductAdapter::map_product_categories Product category (ID: 4440): ["\u062f\u0631\u0648\u0639 \u0648\u0647\u062f\u0627\u064a\u0627 > \u062a\u0642\u0648\u064a\u0645\u0627\u062a"].
2025-01-06T12:04:13+00:00 DEBUG Automattic\WooCommerce\GoogleListingsAndAds\Product\WCProductAdapter::map_product_categories Product category (ID: 4708): ["\u062f\u0639\u0627\u064a\u0629 \u0648\u0627\u0639\u0644\u0627\u0646"].
2025-01-06T12:04:18+00:00 DEBUG Automattic\WooCommerce\GoogleListingsAndAds\Product\WCProductAdapter::map_product_categories Product category (ID: 4438): ["\u062f\u0631\u0648\u0639 \u0648\u0647\u062f\u0627\u064a\u0627 > \u062a\u0642\u0648\u064a\u0645\u0627\u062a"].
2025-01-06T12:04:22+00:00 DEBUG Automattic\WooCommerce\GoogleListingsAndAds\Product\WCProductAdapter::map_product_categories Product category (ID: 4708): ["\u062f\u0639\u0627\u064a\u0629 \u0648\u0627\u0639\u0644\u0627\u0646"].
2025-01-06T12:04:40+00:00 DEBUG Automattic\WooCommerce\GoogleListingsAndAds\Product\WCProductAdapter::map_product_categories Product category (ID: 4436): ["\u062f\u0631\u0648\u0639 \u0648\u0647\u062f\u0627\u064a\u0627 > \u062a\u0642\u0648\u064a\u0645\u0627\u062a"].
2025-01-06T12:04:45+00:00 DEBUG Automattic\WooCommerce\GoogleListingsAndAds\Product\WCProductAdapter::map_product_categories Product category (ID: 4708): ["\u062f\u0639\u0627\u064a\u0629 \u0648\u0627\u0639\u0644\u0627\u0646"].
2025-01-06T12:04:56+00:00 DEBUG Automattic\WooCommerce\GoogleListingsAndAds\Product\WCProductAdapter::map_product_categories Product category (ID: 4434): ["\u062f\u0631\u0648\u0639 \u0648\u0647\u062f\u0627\u064a\u0627 > \u062a\u0642\u0648\u064a\u0645\u0627\u062a"].
2025-01-06T12:05:01+00:00 DEBUG Automattic\WooCommerce\GoogleListingsAndAds\Product\WCProductAdapter::map_product_categories Product category (ID: 4708): ["\u062f\u0639\u0627\u064a\u0629 \u0648\u0627\u0639\u0644\u0627\u0646"].
2025-01-06T12:05:07+00:00 DEBUG Automattic\WooCommerce\GoogleListingsAndAds\Product\WCProductAdapter::map_product_categories Product category (ID: 4432): ["\u062f\u0631\u0648\u0639 \u0648\u0647\u062f\u0627\u064a\u0627 > \u062a\u0642\u0648\u064a\u0645\u0627\u062a"].
2025-01-06T12:05:10+00:00 DEBUG Automattic\WooCommerce\GoogleListingsAndAds\Product\WCProductAdapter::map_product_categories Product category (ID: 4708): ["\u062f\u0639\u0627\u064a\u0629 \u0648\u0627\u0639\u0644\u0627\u0646"].
2025-01-06T12:05:14+00:00 DEBUG Automattic\WooCommerce\GoogleListingsAndAds\Product\WCProductAdapter::map_product_categories Product category (ID: 4430): ["\u062f\u0631\u0648\u0639 \u0648\u0647\u062f\u0627\u064a\u0627 > \u062a\u0642\u0648\u064a\u0645\u0627\u062a"].
2025-01-06T12:05:18+00:00 DEBUG Automattic\WooCommerce\GoogleListingsAndAds\Product\WCProductAdapter::map_product_categories Product category (ID: 4708): ["\u062f\u0639\u0627\u064a\u0629 \u0648\u0627\u0639\u0644\u0627\u0646"].
2025-01-06T12:05:23+00:00 DEBUG Automattic\WooCommerce\GoogleListingsAndAds\Product\WCProductAdapter::map_product_categories Product category (ID: 4428): ["\u062f\u0631\u0648\u0639 \u0648\u0647\u062f\u0627\u064a\u0627 > \u062a\u0642\u0648\u064a\u0645\u0627\u062a"].
2025-01-06T12:05:27+00:00 DEBUG Automattic\WooCommerce\GoogleListingsAndAds\Product\WCProductAdapter::map_product_categories Product category (ID: 4708): ["\u062f\u0639\u0627\u064a\u0629 \u0648\u0627\u0639\u0644\u0627\u0646"].
2025-01-06T12:05:33+00:00 DEBUG Automattic\WooCommerce\GoogleListingsAndAds\Product\WCProductAdapter::map_product_categories Product category (ID: 4426): ["\u062f\u0631\u0648\u0639 \u0648\u0647\u062f\u0627\u064a\u0627 > \u062a\u0642\u0648\u064a\u0645\u0627\u062a"].
2025-01-06T12:05:37+00:00 DEBUG Automattic\WooCommerce\GoogleListingsAndAds\Product\WCProductAdapter::map_product_categories Product category (ID: 4708): ["\u062f\u0639\u0627\u064a\u0629 \u0648\u0627\u0639\u0644\u0627\u0646"].
2025-01-06T12:05:41+00:00 DEBUG Automattic\WooCommerce\GoogleListingsAndAds\Product\WCProductAdapter::map_product_categories Product category (ID: 4424): ["\u062f\u0631\u0648\u0639 \u0648\u0647\u062f\u0627\u064a\u0627 > \u062a\u0642\u0648\u064a\u0645\u0627\u062a"].
2025-01-06T12:05:45+00:00 DEBUG Automattic\WooCommerce\GoogleListingsAndAds\Product\WCProductAdapter::map_product_categories Product category (ID: 4708): ["\u062f\u0639\u0627\u064a\u0629 \u0648\u0627\u0639\u0644\u0627\u0646"].
2025-01-06T12:05:58+00:00 DEBUG Automattic\WooCommerce\GoogleListingsAndAds\Product\WCProductAdapter::map_product_categories Product category (ID: 4407): ["\u062f\u0631\u0648\u0639 \u0648\u0647\u062f\u0627\u064a\u0627 > \u062f\u0631\u0648\u0639 \u062a\u0630\u0643\u0627\u0631\u064a\u0629"].
2025-01-06T12:06:03+00:00 DEBUG Automattic\WooCommerce\GoogleListingsAndAds\Product\WCProductAdapter::map_product_categories Product category (ID: 4708): ["\u062f\u0639\u0627\u064a\u0629 \u0648\u0627\u0639\u0644\u0627\u0646"].
2025-01-06T12:06:07+00:00 DEBUG Automattic\WooCommerce\GoogleListingsAndAds\Product\WCProductAdapter::map_product_categories Product category (ID: 4399): ["\u062f\u0631\u0648\u0639 \u0648\u0647\u062f\u0627\u064a\u0627 > \u0643\u0627\u0633\u0627\u062a"].
2025-01-06T12:06:11+00:00 DEBUG Automattic\WooCommerce\GoogleListingsAndAds\Product\WCProductAdapter::map_product_categories Product category (ID: 4708): ["\u062f\u0639\u0627\u064a\u0629 \u0648\u0627\u0639\u0644\u0627\u0646"].
2025-01-06T12:06:15+00:00 DEBUG Automattic\WooCommerce\GoogleListingsAndAds\Product\WCProductAdapter::map_product_categories Product category (ID: 4396): ["\u062f\u0631\u0648\u0639 \u0648\u0647\u062f\u0627\u064a\u0627 > \u0643\u0627\u0633\u0627\u062a"].
2025-01-06T12:06:18+00:00 DEBUG Automattic\WooCommerce\GoogleListingsAndAds\Product\WCProductAdapter::map_product_categories Product category (ID: 4708): ["\u062f\u0639\u0627\u064a\u0629 \u0648\u0627\u0639\u0644\u0627\u0646"].
2025-01-06T12:06:29+00:00 DEBUG Automattic\WooCommerce\GoogleListingsAndAds\Product\WCProductAdapter::map_product_categories Product category (ID: 4393): ["\u062f\u0631\u0648\u0639 \u0648\u0647\u062f\u0627\u064a\u0627 > \u0643\u0627\u0633\u0627\u062a"].
2025-01-06T12:06:34+00:00 DEBUG Automattic\WooCommerce\GoogleListingsAndAds\Product\WCProductAdapter::map_product_categories Product category (ID: 4708): ["\u062f\u0639\u0627\u064a\u0629 \u0648\u0627\u0639\u0644\u0627\u0646"].
2025-01-06T12:06:38+00:00 DEBUG Automattic\WooCommerce\GoogleListingsAndAds\Product\WCProductAdapter::map_product_categories Product category (ID: 4381): ["\u062f\u0639\u0627\u064a\u0629 \u0648\u0627\u0639\u0644\u0627\u0646 > \u0627\u0639\u0644\u0627\u0645"].
2025-01-06T12:06:42+00:00 DEBUG Automattic\WooCommerce\GoogleListingsAndAds\Product\WCProductAdapter::map_product_categories Product category (ID: 4708): ["\u062f\u0639\u0627\u064a\u0629 \u0648\u0627\u0639\u0644\u0627\u0646"].
2025-01-06T12:06:47+00:00 DEBUG Automattic\WooCommerce\GoogleListingsAndAds\Product\WCProductAdapter::map_product_categories Product category (ID: 4373): ["\u062f\u0639\u0627\u064a\u0629 \u0648\u0627\u0639\u0644\u0627\u0646 > \u0627\u0639\u0644\u0627\u0645"].
2025-01-06T12:06:50+00:00 DEBUG Automattic\WooCommerce\GoogleListingsAndAds\Product\WCProductAdapter::map_product_categories Product category (ID: 4708): ["\u062f\u0639\u0627\u064a\u0629 \u0648\u0627\u0639\u0644\u0627\u0646"].
2025-01-06T12:07:01+00:00 DEBUG Automattic\WooCommerce\GoogleListingsAndAds\Product\WCProductAdapter::map_product_categories Product category (ID: 4366): ["\u062f\u0639\u0627\u064a\u0629 \u0648\u0627\u0639\u0644\u0627\u0646 > \u0627\u0639\u0644\u0627\u0645"].
2025-01-06T12:07:05+00:00 DEBUG Automattic\WooCommerce\GoogleListingsAndAds\Product\WCProductAdapter::map_product_categories Product category (ID: 4708): ["\u062f\u0639\u0627\u064a\u0629 \u0648\u0627\u0639\u0644\u0627\u0646"].
2025-01-06T12:07:09+00:00 DEBUG Automattic\WooCommerce\GoogleListingsAndAds\Product\WCProductAdapter::map_product_categories Product category (ID: 4362): ["\u062f\u0639\u0627\u064a\u0629 \u0648\u0627\u0639\u0644\u0627\u0646 > \u0627\u0639\u0644\u0627\u0645"].
2025-01-06T12:07:13+00:00 DEBUG Automattic\WooCommerce\GoogleListingsAndAds\Product\WCProductAdapter::map_product_categories Product category (ID: 4708): ["\u062f\u0639\u0627\u064a\u0629 \u0648\u0627\u0639\u0644\u0627\u0646"].
2025-01-06T12:07:19+00:00 DEBUG Automattic\WooCommerce\GoogleListingsAndAds\Product\WCProductAdapter::map_product_categories Product category (ID: 4358): ["\u062f\u0639\u0627\u064a\u0629 \u0648\u0627\u0639\u0644\u0627\u0646 > \u0628\u0648\u0628 \u0627\u0628"].
2025-01-06T12:07:26+00:00 DEBUG Automattic\WooCommerce\GoogleListingsAndAds\Product\WCProductAdapter::map_product_categories Product category (ID: 4708): ["\u062f\u0639\u0627\u064a\u0629 \u0648\u0627\u0639\u0644\u0627\u0646"].
2025-01-06T12:07:31+00:00 DEBUG Automattic\WooCommerce\GoogleListingsAndAds\Product\WCProductAdapter::map_product_categories Product category (ID: 4354): ["\u062f\u0639\u0627\u064a\u0629 \u0648\u0627\u0639\u0644\u0627\u0646 > \u0628\u0648\u0628 \u0627\u0628"].
2025-01-06T12:07:35+00:00 DEBUG Automattic\WooCommerce\GoogleListingsAndAds\Product\WCProductAdapter::map_product_categories Product category (ID: 4708): ["\u062f\u0639\u0627\u064a\u0629 \u0648\u0627\u0639\u0644\u0627\u0646"].
2025-01-06T12:07:39+00:00 DEBUG Automattic\WooCommerce\GoogleListingsAndAds\Product\WCProductAdapter::map_product_categories Product category (ID: 4346): ["\u062f\u0639\u0627\u064a\u0629 \u0648\u0627\u0639\u0644\u0627\u0646 > \u0628\u0648\u0628 \u0627\u0628"].
2025-01-06T12:07:42+00:00 DEBUG Automattic\WooCommerce\GoogleListingsAndAds\Product\WCProductAdapter::map_product_categories Product category (ID: 4708): ["\u062f\u0639\u0627\u064a\u0629 \u0648\u0627\u0639\u0644\u0627\u0646"].
2025-01-06T12:07:46+00:00 DEBUG Automattic\WooCommerce\GoogleListingsAndAds\Product\WCProductAdapter::map_product_categories Product category (ID: 4337): ["\u062f\u0639\u0627\u064a\u0629 \u0648\u0627\u0639\u0644\u0627\u0646 > \u0628\u0648\u0628 \u0627\u0628"].
2025-01-06T12:07:50+00:00 DEBUG Automattic\WooCommerce\GoogleListingsAndAds\Product\WCProductAdapter::map_product_categories Product category (ID: 4708): ["\u062f\u0639\u0627\u064a\u0629 \u0648\u0627\u0639\u0644\u0627\u0646"].
2025-01-06T12:08:00+00:00 DEBUG Automattic\WooCommerce\GoogleListingsAndAds\Product\WCProductAdapter::map_product_categories Product category (ID: 4333): ["\u062f\u0639\u0627\u064a\u0629 \u0648\u0627\u0639\u0644\u0627\u0646 > \u0637\u0627\u0648\u0644\u0627\u062a \u0628\u0648\u0628 \u0627\u0628"].
2025-01-06T12:08:05+00:00 DEBUG Automattic\WooCommerce\GoogleListingsAndAds\Product\WCProductAdapter::map_product_categories Product category (ID: 4708): ["\u062f\u0639\u0627\u064a\u0629 \u0648\u0627\u0639\u0644\u0627\u0646"].
2025-01-06T12:08:10+00:00 DEBUG Automattic\WooCommerce\GoogleListingsAndAds\Product\WCProductAdapter::map_product_categories Product category (ID: 4330): ["\u062f\u0639\u0627\u064a\u0629 \u0648\u0627\u0639\u0644\u0627\u0646 > \u0637\u0627\u0648\u0644\u0627\u062a \u0628\u0648\u0628 \u0627\u0628"].
2025-01-06T12:08:14+00:00 DEBUG Automattic\WooCommerce\GoogleListingsAndAds\Product\WCProductAdapter::map_product_categories Product category (ID: 4708): ["\u062f\u0639\u0627\u064a\u0629 \u0648\u0627\u0639\u0644\u0627\u0646"].
2025-01-06T12:08:18+00:00 DEBUG Automattic\WooCommerce\GoogleListingsAndAds\Product\WCProductAdapter::map_product_categories Product category (ID: 4325): ["\u062f\u0639\u0627\u064a\u0629 \u0648\u0627\u0639\u0644\u0627\u0646 > \u0637\u0627\u0648\u0644\u0627\u062a \u0628\u0648\u0628 \u0627\u0628"].
2025-01-06T12:08:21+00:00 DEBUG Automattic\WooCommerce\GoogleListingsAndAds\Product\WCProductAdapter::map_product_categories Product category (ID: 4708): ["\u062f\u0639\u0627\u064a\u0629 \u0648\u0627\u0639\u0644\u0627\u0646"].
2025-01-06T12:08:26+00:00 DEBUG Automattic\WooCommerce\GoogleListingsAndAds\Product\WCProductAdapter::map_product_categories Product category (ID: 4321): ["\u062f\u0639\u0627\u064a\u0629 \u0648\u0627\u0639\u0644\u0627\u0646 > \u0637\u0627\u0648\u0644\u0627\u062a \u0628\u0648\u0628 \u0627\u0628"].
2025-01-06T12:08:29+00:00 DEBUG Automattic\WooCommerce\GoogleListingsAndAds\Product\WCProductAdapter::map_product_categories Product category (ID: 4708): ["\u062f\u0639\u0627\u064a\u0629 \u0648\u0627\u0639\u0644\u0627\u0646"].
2025-01-06T12:08:34+00:00 DEBUG Automattic\WooCommerce\GoogleListingsAndAds\Product\WCProductAdapter::map_product_categories Product category (ID: 4317): ["\u062f\u0639\u0627\u064a\u0629 \u0648\u0627\u0639\u0644\u0627\u0646 > \u0637\u0627\u0648\u0644\u0627\u062a \u0628\u0648\u0628 \u0627\u0628"].
2025-01-06T12:08:38+00:00 DEBUG Automattic\WooCommerce\GoogleListingsAndAds\Product\WCProductAdapter::map_product_categories Product category (ID: 4708): ["\u062f\u0639\u0627\u064a\u0629 \u0648\u0627\u0639\u0644\u0627\u0646"].
2025-01-06T12:08:44+00:00 DEBUG Automattic\WooCommerce\GoogleListingsAndAds\Product\WCProductAdapter::map_product_categories Product category (ID: 4301): ["\u062f\u0639\u0627\u064a\u0629 \u0648\u0627\u0639\u0644\u0627\u0646 > \u0641\u0648\u0631\u0643\u0633"].
2025-01-06T12:08:47+00:00 DEBUG Automattic\WooCommerce\GoogleListingsAndAds\Product\WCProductAdapter::map_product_categories Product category (ID: 4708): ["\u062f\u0639\u0627\u064a\u0629 \u0648\u0627\u0639\u0644\u0627\u0646"].
2025-01-06T12:08:52+00:00 DEBUG Automattic\WooCommerce\GoogleListingsAndAds\Product\WCProductAdapter::map_product_categories Product category (ID: 4297): ["\u062f\u0639\u0627\u064a\u0629 \u0648\u0627\u0639\u0644\u0627\u0646 > \u0641\u0644\u064a\u0646"].
2025-01-06T12:08:56+00:00 DEBUG Automattic\WooCommerce\GoogleListingsAndAds\Product\WCProductAdapter::map_product_categories Product category (ID: 4708): ["\u062f\u0639\u0627\u064a\u0629 \u0648\u0627\u0639\u0644\u0627\u0646"].
2025-01-06T12:09:01+00:00 DEBUG Automattic\WooCommerce\GoogleListingsAndAds\Product\WCProductAdapter::map_product_categories Product category (ID: 4293): ["\u062f\u0639\u0627\u064a\u0629 \u0648\u0627\u0639\u0644\u0627\u0646 > \u0631\u0648\u0644 \u0627\u0628"].
2025-01-06T12:09:05+00:00 DEBUG Automattic\WooCommerce\GoogleListingsAndAds\Product\WCProductAdapter::map_product_categories Product category (ID: 4708): ["\u062f\u0639\u0627\u064a\u0629 \u0648\u0627\u0639\u0644\u0627\u0646"].
2025-01-06T12:09:17+00:00 DEBUG Automattic\WooCommerce\GoogleListingsAndAds\Product\WCProductAdapter::map_product_categories Product category (ID: 4289): ["\u062f\u0639\u0627\u064a\u0629 \u0648\u0627\u0639\u0644\u0627\u0646 > \u0631\u0648\u0644 \u0627\u0628"].
2025-01-06T12:09:21+00:00 DEBUG Automattic\WooCommerce\GoogleListingsAndAds\Product\WCProductAdapter::map_product_categories Product category (ID: 4708): ["\u062f\u0639\u0627\u064a\u0629 \u0648\u0627\u0639\u0644\u0627\u0646"].
2025-01-06T12:09:25+00:00 DEBUG Automattic\WooCommerce\GoogleListingsAndAds\Product\WCProductAdapter::map_product_categories Product category (ID: 4283): ["\u062f\u0639\u0627\u064a\u0629 \u0648\u0627\u0639\u0644\u0627\u0646 > \u0631\u0648\u0644 \u0627\u0628"].
2025-01-06T12:09:28+00:00 DEBUG Automattic\WooCommerce\GoogleListingsAndAds\Product\WCProductAdapter::map_product_categories Product category (ID: 4708): ["\u062f\u0639\u0627\u064a\u0629 \u0648\u0627\u0639\u0644\u0627\u0646"].
2025-01-06T12:09:32+00:00 DEBUG Automattic\WooCommerce\GoogleListingsAndAds\Product\WCProductAdapter::map_product_categories Product category (ID: 4277): ["\u062f\u0639\u0627\u064a\u0629 \u0648\u0627\u0639\u0644\u0627\u0646 > \u0631\u0648\u0644 \u0627\u0628"].
2025-01-06T12:09:36+00:00 DEBUG Automattic\WooCommerce\GoogleListingsAndAds\Product\WCProductAdapter::map_product_categories Product category (ID: 4708): ["\u062f\u0639\u0627\u064a\u0629 \u0648\u0627\u0639\u0644\u0627\u0646"].
2025-01-06T12:09:41+00:00 DEBUG Automattic\WooCommerce\GoogleListingsAndAds\Product\WCProductAdapter::map_product_categories Product category (ID: 4273): ["\u062f\u0639\u0627\u064a\u0629 \u0648\u0627\u0639\u0644\u0627\u0646 > \u0631\u0648\u0644 \u0627\u0628"].
2025-01-06T12:09:44+00:00 DEBUG Automattic\WooCommerce\GoogleListingsAndAds\Product\WCProductAdapter::map_product_categories Product category (ID: 4708): ["\u062f\u0639\u0627\u064a\u0629 \u0648\u0627\u0639\u0644\u0627\u0646"].
2025-01-06T12:09:49+00:00 DEBUG Automattic\WooCommerce\GoogleListingsAndAds\Product\WCProductAdapter::map_product_categories Product category (ID: 4269): ["\u062f\u0639\u0627\u064a\u0629 \u0648\u0627\u0639\u0644\u0627\u0646 > \u0631\u0648\u0644 \u0627\u0628"].
2025-01-06T12:09:52+00:00 DEBUG Automattic\WooCommerce\GoogleListingsAndAds\Product\WCProductAdapter::map_product_categories Product category (ID: 4708): ["\u062f\u0639\u0627\u064a\u0629 \u0648\u0627\u0639\u0644\u0627\u0646"].
2025-01-06T12:09:58+00:00 DEBUG Automattic\WooCommerce\GoogleListingsAndAds\Product\WCProductAdapter::map_product_categories Product category (ID: 4263): ["\u062f\u0639\u0627\u064a\u0629 \u0648\u0627\u0639\u0644\u0627\u0646 > \u0631\u0648\u0644 \u0627\u0628"].
2025-01-06T12:10:01+00:00 DEBUG Automattic\WooCommerce\GoogleListingsAndAds\Product\WCProductAdapter::map_product_categories Product category (ID: 4708): ["\u062f\u0639\u0627\u064a\u0629 \u0648\u0627\u0639\u0644\u0627\u0646"].
2025-01-06T12:10:12+00:00 DEBUG Automattic\WooCommerce\GoogleListingsAndAds\Product\WCProductAdapter::map_product_categories Product category (ID: 4259): ["\u062f\u0639\u0627\u064a\u0629 \u0648\u0627\u0639\u0644\u0627\u0646 > \u0625\u0633\u062a\u0627\u0646\u062f\u0627\u062a"].
2025-01-06T12:10:16+00:00 DEBUG Automattic\WooCommerce\GoogleListingsAndAds\Product\WCProductAdapter::map_product_categories Product category (ID: 4708): ["\u062f\u0639\u0627\u064a\u0629 \u0648\u0627\u0639\u0644\u0627\u0646"].
2025-01-06T12:10:22+00:00 DEBUG Automattic\WooCommerce\GoogleListingsAndAds\Product\WCProductAdapter::map_product_categories Product category (ID: 4255): ["\u062f\u0639\u0627\u064a\u0629 \u0648\u0627\u0639\u0644\u0627\u0646 > \u0625\u0633\u062a\u0627\u0646\u062f\u0627\u062a"].
2025-01-06T12:10:25+00:00 DEBUG Automattic\WooCommerce\GoogleListingsAndAds\Product\WCProductAdapter::map_product_categories Product category (ID: 4708): ["\u062f\u0639\u0627\u064a\u0629 \u0648\u0627\u0639\u0644\u0627\u0646"].
2025-01-06T12:10:29+00:00 DEBUG Automattic\WooCommerce\GoogleListingsAndAds\Product\WCProductAdapter::map_product_categories Product category (ID: 4251): ["\u062f\u0639\u0627\u064a\u0629 \u0648\u0627\u0639\u0644\u0627\u0646 > \u0625\u0633\u062a\u0627\u0646\u062f\u0627\u062a"].
2025-01-06T12:10:33+00:00 DEBUG Automattic\WooCommerce\GoogleListingsAndAds\Product\WCProductAdapter::map_product_categories Product category (ID: 4708): ["\u062f\u0639\u0627\u064a\u0629 \u0648\u0627\u0639\u0644\u0627\u0646"].
2025-01-06T12:10:38+00:00 DEBUG Automattic\WooCommerce\GoogleListingsAndAds\Product\WCProductAdapter::map_product_categories Product category (ID: 4244): ["\u062f\u0639\u0627\u064a\u0629 \u0648\u0627\u0639\u0644\u0627\u0646 > \u0625\u0633\u062a\u0627\u0646\u062f\u0627\u062a"].
2025-01-06T12:10:41+00:00 DEBUG Automattic\WooCommerce\GoogleListingsAndAds\Product\WCProductAdapter::map_product_categories Product category (ID: 4708): ["\u062f\u0639\u0627\u064a\u0629 \u0648\u0627\u0639\u0644\u0627\u0646"].
2025-01-06T12:10:47+00:00 DEBUG Automattic\WooCommerce\GoogleListingsAndAds\Product\WCProductAdapter::map_product_categories Product category (ID: 4241): ["\u062f\u0639\u0627\u064a\u0629 \u0648\u0627\u0639\u0644\u0627\u0646 > \u0625\u0633\u062a\u0627\u0646\u062f\u0627\u062a"].
2025-01-06T12:10:50+00:00 DEBUG Automattic\WooCommerce\GoogleListingsAndAds\Product\WCProductAdapter::map_product_categories Product category (ID: 4708): ["\u062f\u0639\u0627\u064a\u0629 \u0648\u0627\u0639\u0644\u0627\u0646"].
2025-01-06T12:10:55+00:00 DEBUG Automattic\WooCommerce\GoogleListingsAndAds\Product\WCProductAdapter::map_product_categories Product category (ID: 4237): ["\u062f\u0639\u0627\u064a\u0629 \u0648\u0627\u0639\u0644\u0627\u0646 > \u0625\u0633\u062a\u0627\u0646\u062f\u0627\u062a"].
2025-01-06T12:10:58+00:00 DEBUG Automattic\WooCommerce\GoogleListingsAndAds\Product\WCProductAdapter::map_product_categories Product category (ID: 4708): ["\u062f\u0639\u0627\u064a\u0629 \u0648\u0627\u0639\u0644\u0627\u0646"].
2025-01-06T12:11:03+00:00 DEBUG Automattic\WooCommerce\GoogleListingsAndAds\Product\WCProductAdapter::map_product_categories Product category (ID: 4232): ["\u062f\u0639\u0627\u064a\u0629 \u0648\u0627\u0639\u0644\u0627\u0646 > \u0625\u0633\u062a\u0627\u0646\u062f\u0627\u062a"].
2025-01-06T12:11:06+00:00 DEBUG Automattic\WooCommerce\GoogleListingsAndAds\Product\WCProductAdapter::map_product_categories Product category (ID: 4708): ["\u062f\u0639\u0627\u064a\u0629 \u0648\u0627\u0639\u0644\u0627\u0646"].
2025-01-06T12:11:12+00:00 DEBUG Automattic\WooCommerce\GoogleListingsAndAds\Product\WCProductAdapter::map_product_categories Product category (ID: 4228): ["\u062f\u0639\u0627\u064a\u0629 \u0648\u0627\u0639\u0644\u0627\u0646 > \u0625\u0633\u062a\u0627\u0646\u062f\u0627\u062a"].
2025-01-06T12:11:16+00:00 DEBUG Automattic\WooCommerce\GoogleListingsAndAds\Product\WCProductAdapter::map_product_categories Product category (ID: 4708): ["\u062f\u0639\u0627\u064a\u0629 \u0648\u0627\u0639\u0644\u0627\u0646"].
2025-01-06T12:11:20+00:00 DEBUG Automattic\WooCommerce\GoogleListingsAndAds\Product\WCProductAdapter::map_product_categories Product category (ID: 4224): ["\u062f\u0639\u0627\u064a\u0629 \u0648\u0627\u0639\u0644\u0627\u0646 > \u0625\u0633\u062a\u0627\u0646\u062f\u0627\u062a"].
2025-01-06T12:11:25+00:00 DEBUG Automattic\WooCommerce\GoogleListingsAndAds\Product\WCProductAdapter::map_product_categories Product category (ID: 4708): ["\u062f\u0639\u0627\u064a\u0629 \u0648\u0627\u0639\u0644\u0627\u0646"].
2025-01-06T12:11:29+00:00 DEBUG Automattic\WooCommerce\GoogleListingsAndAds\Product\WCProductAdapter::map_product_categories Product category (ID: 4220): ["\u0637\u0628\u0627\u0639\u0629 \u0645\u062f\u0631\u0633\u064a\u0629 \u0648\u0637\u0644\u0627\u0628\u064a\u0629 > \u0633\u062c\u0644\u0627\u062a"].
2025-01-06T12:11:33+00:00 DEBUG Automattic\WooCommerce\GoogleListingsAndAds\Product\WCProductAdapter::map_product_categories Product category (ID: 4708): ["\u062f\u0639\u0627\u064a\u0629 \u0648\u0627\u0639\u0644\u0627\u0646"].
2025-01-06T12:11:37+00:00 DEBUG Automattic\WooCommerce\GoogleListingsAndAds\Product\WCProductAdapter::map_product_categories Product category (ID: 4205): ["\u0637\u0628\u0627\u0639\u0629 \u0645\u062f\u0631\u0633\u064a\u0629 \u0648\u0637\u0644\u0627\u0628\u064a\u0629 > \u0633\u062c\u0644\u0627\u062a"].
2025-01-06T12:11:40+00:00 DEBUG Automattic\WooCommerce\GoogleListingsAndAds\Product\WCProductAdapter::map_product_categories Product category (ID: 4708): ["\u062f\u0639\u0627\u064a\u0629 \u0648\u0627\u0639\u0644\u0627\u0646"].
2025-01-06T12:11:45+00:00 DEBUG Automattic\WooCommerce\GoogleListingsAndAds\Product\WCProductAdapter::map_product_categories Product category (ID: 4187): ["\u0637\u0628\u0627\u0639\u0629 \u0645\u062f\u0631\u0633\u064a\u0629 \u0648\u0637\u0644\u0627\u0628\u064a\u0629 > \u0633\u062c\u0644\u0627\u062a"].
2025-01-06T12:11:48+00:00 DEBUG Automattic\WooCommerce\GoogleListingsAndAds\Product\WCProductAdapter::map_product_categories Product category (ID: 4708): ["\u062f\u0639\u0627\u064a\u0629 \u0648\u0627\u0639\u0644\u0627\u0646"].
2025-01-06T12:11:52+00:00 DEBUG Automattic\WooCommerce\GoogleListingsAndAds\Product\WCProductAdapter::map_product_categories Product category (ID: 4179): ["\u0637\u0628\u0627\u0639\u0629 \u0645\u062f\u0631\u0633\u064a\u0629 \u0648\u0637\u0644\u0627\u0628\u064a\u0629 > \u0633\u062c\u0644\u0627\u062a"].
2025-01-06T12:11:56+00:00 DEBUG Automattic\WooCommerce\GoogleListingsAndAds\Product\WCProductAdapter::map_product_categories Product category (ID: 4708): ["\u062f\u0639\u0627\u064a\u0629 \u0648\u0627\u0639\u0644\u0627\u0646"].
2025-01-06T12:12:01+00:00 DEBUG Automattic\WooCommerce\GoogleListingsAndAds\Product\WCProductAdapter::map_product_categories Product category (ID: 4173): ["\u0637\u0628\u0627\u0639\u0629 \u0645\u062f\u0631\u0633\u064a\u0629 \u0648\u0637\u0644\u0627\u0628\u064a\u0629 > \u0633\u062c\u0644\u0627\u062a"].
2025-01-06T12:12:04+00:00 DEBUG Automattic\WooCommerce\GoogleListingsAndAds\Product\WCProductAdapter::map_product_categories Product category (ID: 4708): ["\u062f\u0639\u0627\u064a\u0629 \u0648\u0627\u0639\u0644\u0627\u0646"].
2025-01-06T12:12:09+00:00 DEBUG Automattic\WooCommerce\GoogleListingsAndAds\Product\WCProductAdapter::map_product_categories Product category (ID: 4157): ["\u0637\u0628\u0627\u0639\u0629 \u0645\u062f\u0631\u0633\u064a\u0629 \u0648\u0637\u0644\u0627\u0628\u064a\u0629 > \u0633\u062c\u0644\u0627\u062a"].
2025-01-06T12:12:12+00:00 DEBUG Automattic\WooCommerce\GoogleListingsAndAds\Product\WCProductAdapter::map_product_categories Product category (ID: 4708): ["\u062f\u0639\u0627\u064a\u0629 \u0648\u0627\u0639\u0644\u0627\u0646"].
2025-01-06T12:12:16+00:00 DEBUG Automattic\WooCommerce\GoogleListingsAndAds\Product\WCProductAdapter::map_product_categories Product category (ID: 4139): ["\u0637\u0628\u0627\u0639\u0629 \u0645\u062f\u0631\u0633\u064a\u0629 \u0648\u0637\u0644\u0627\u0628\u064a\u0629 > \u0633\u062c\u0644\u0627\u062a"].
2025-01-06T12:12:20+00:00 DEBUG Automattic\WooCommerce\GoogleListingsAndAds\Product\WCProductAdapter::map_product_categories Product category (ID: 4708): ["\u062f\u0639\u0627\u064a\u0629 \u0648\u0627\u0639\u0644\u0627\u0646"].
2025-01-06T12:12:24+00:00 DEBUG Automattic\WooCommerce\GoogleListingsAndAds\Product\WCProductAdapter::map_product_categories Product category (ID: 4125): ["\u0637\u0628\u0627\u0639\u0629 \u0645\u062f\u0631\u0633\u064a\u0629 \u0648\u0637\u0644\u0627\u0628\u064a\u0629 > \u0633\u062c\u0644\u0627\u062a"].
2025-01-06T12:12:28+00:00 DEBUG Automattic\WooCommerce\GoogleListingsAndAds\Product\WCProductAdapter::map_product_categories Product category (ID: 4708): ["\u062f\u0639\u0627\u064a\u0629 \u0648\u0627\u0639\u0644\u0627\u0646"].
2025-01-06T12:12:33+00:00 DEBUG Automattic\WooCommerce\GoogleListingsAndAds\Product\WCProductAdapter::map_product_categories Product category (ID: 4111): ["\u0637\u0628\u0627\u0639\u0629 \u0645\u062f\u0631\u0633\u064a\u0629 \u0648\u0637\u0644\u0627\u0628\u064a\u0629 > \u0633\u062c\u0644\u0627\u062a"].
2025-01-06T12:12:36+00:00 DEBUG Automattic\WooCommerce\GoogleListingsAndAds\Product\WCProductAdapter::map_product_categories Product category (ID: 4708): ["\u062f\u0639\u0627\u064a\u0629 \u0648\u0627\u0639\u0644\u0627\u0646"].
2025-01-06T12:12:40+00:00 DEBUG Automattic\WooCommerce\GoogleListingsAndAds\Product\WCProductAdapter::map_product_categories Product category (ID: 4097): ["\u0637\u0628\u0627\u0639\u0629 \u0645\u062f\u0631\u0633\u064a\u0629 \u0648\u0637\u0644\u0627\u0628\u064a\u0629 > \u0633\u062c\u0644\u0627\u062a"].
2025-01-06T12:12:43+00:00 DEBUG Automattic\WooCommerce\GoogleListingsAndAds\Product\WCProductAdapter::map_product_categories Product category (ID: 4708): ["\u062f\u0639\u0627\u064a\u0629 \u0648\u0627\u0639\u0644\u0627\u0646"].
2025-01-06T12:12:48+00:00 DEBUG Automattic\WooCommerce\GoogleListingsAndAds\Product\WCProductAdapter::map_product_categories Product category (ID: 4079): ["\u0637\u0628\u0627\u0639\u0629 \u0645\u062f\u0631\u0633\u064a\u0629 \u0648\u0637\u0644\u0627\u0628\u064a\u0629 > \u0633\u062c\u0644\u0627\u062a"].
2025-01-06T12:12:51+00:00 DEBUG Automattic\WooCommerce\GoogleListingsAndAds\Product\WCProductAdapter::map_product_categories Product category (ID: 4708): ["\u062f\u0639\u0627\u064a\u0629 \u0648\u0627\u0639\u0644\u0627\u0646"].
2025-01-06T12:13:02+00:00 DEBUG Automattic\WooCommerce\GoogleListingsAndAds\Product\WCProductAdapter::map_product_categories Product category (ID: 4069): ["\u0637\u0628\u0627\u0639\u0629 \u0645\u062f\u0631\u0633\u064a\u0629 \u0648\u0637\u0644\u0627\u0628\u064a\u0629 > \u0633\u062c\u0644\u0627\u062a"].
2025-01-06T12:13:06+00:00 DEBUG Automattic\WooCommerce\GoogleListingsAndAds\Product\WCProductAdapter::map_product_categories Product category (ID: 4708): ["\u062f\u0639\u0627\u064a\u0629 \u0648\u0627\u0639\u0644\u0627\u0646"].
2025-01-06T12:13:12+00:00 DEBUG Automattic\WooCommerce\GoogleListingsAndAds\Product\WCProductAdapter::map_product_categories Product category (ID: 4049): ["\u0637\u0628\u0627\u0639\u0629 \u0645\u062f\u0631\u0633\u064a\u0629 \u0648\u0637\u0644\u0627\u0628\u064a\u0629 > \u0633\u062c\u0644\u0627\u062a"].
2025-01-06T12:13:15+00:00 DEBUG Automattic\WooCommerce\GoogleListingsAndAds\Product\WCProductAdapter::map_product_categories Product category (ID: 4708): ["\u062f\u0639\u0627\u064a\u0629 \u0648\u0627\u0639\u0644\u0627\u0646"].
2025-01-06T12:13:19+00:00 DEBUG Automattic\WooCommerce\GoogleListingsAndAds\Product\WCProductAdapter::map_product_categories Product category (ID: 3659): ["\u0637\u0628\u0627\u0639\u0629 \u0645\u062f\u0631\u0633\u064a\u0629 \u0648\u0637\u0644\u0627\u0628\u064a\u0629 > \u0633\u062c\u0644\u0627\u062a"].
2025-01-06T12:13:22+00:00 DEBUG Automattic\WooCommerce\GoogleListingsAndAds\Product\WCProductAdapter::map_product_categories Product category (ID: 4708): ["\u062f\u0639\u0627\u064a\u0629 \u0648\u0627\u0639\u0644\u0627\u0646"].
2025-01-06T12:13:27+00:00 DEBUG Automattic\WooCommerce\GoogleListingsAndAds\Product\WCProductAdapter::map_product_categories Product category (ID: 4026): ["\u0637\u0628\u0627\u0639\u0629 \u062f\u064a\u062c\u064a\u062a\u0627\u0644 > \u0623\u0638\u0631\u0641"].
2025-01-06T12:13:30+00:00 DEBUG Automattic\WooCommerce\GoogleListingsAndAds\Product\WCProductAdapter::map_product_categories Product category (ID: 4708): ["\u062f\u0639\u0627\u064a\u0629 \u0648\u0627\u0639\u0644\u0627\u0646"].
2025-01-06T12:13:35+00:00 DEBUG Automattic\WooCommerce\GoogleListingsAndAds\Product\WCProductAdapter::map_product_categories Product category (ID: 4021): ["\u0637\u0628\u0627\u0639\u0629 \u062f\u064a\u062c\u064a\u062a\u0627\u0644 > \u0623\u0638\u0631\u0641"].
2025-01-06T12:13:39+00:00 DEBUG Automattic\WooCommerce\GoogleListingsAndAds\Product\WCProductAdapter::map_product_categories Product category (ID: 4708): ["\u062f\u0639\u0627\u064a\u0629 \u0648\u0627\u0639\u0644\u0627\u0646"].
2025-01-06T12:13:43+00:00 DEBUG Automattic\WooCommerce\GoogleListingsAndAds\Product\WCProductAdapter::map_product_categories Product category (ID: 4018): ["\u0637\u0628\u0627\u0639\u0629 \u062f\u064a\u062c\u064a\u062a\u0627\u0644 > \u0623\u0638\u0631\u0641"].
2025-01-06T12:13:46+00:00 DEBUG Automattic\WooCommerce\GoogleListingsAndAds\Product\WCProductAdapter::map_product_categories Product category (ID: 4708): ["\u062f\u0639\u0627\u064a\u0629 \u0648\u0627\u0639\u0644\u0627\u0646"].
2025-01-06T12:13:59+00:00 DEBUG Automattic\WooCommerce\GoogleListingsAndAds\Product\WCProductAdapter::map_product_categories Product category (ID: 4015): ["\u0637\u0628\u0627\u0639\u0629 \u062f\u064a\u062c\u064a\u062a\u0627\u0644 > \u0645\u0630\u0643\u0631\u0627\u062a \u0648 \u0646\u0648\u062a\u0627\u062a"].
2025-01-06T12:14:03+00:00 DEBUG Automattic\WooCommerce\GoogleListingsAndAds\Product\WCProductAdapter::map_product_categories Product category (ID: 4708): ["\u062f\u0639\u0627\u064a\u0629 \u0648\u0627\u0639\u0644\u0627\u0646"].
2025-01-06T12:14:07+00:00 DEBUG Automattic\WooCommerce\GoogleListingsAndAds\Product\WCProductAdapter::map_product_categories Product category (ID: 4009): ["\u0637\u0628\u0627\u0639\u0629 \u062f\u064a\u062c\u064a\u062a\u0627\u0644 > \u0645\u0630\u0643\u0631\u0627\u062a \u0648 \u0646\u0648\u062a\u0627\u062a"].
2025-01-06T12:14:10+00:00 DEBUG Automattic\WooCommerce\GoogleListingsAndAds\Product\WCProductAdapter::map_product_categories Product category (ID: 4708): ["\u062f\u0639\u0627\u064a\u0629 \u0648\u0627\u0639\u0644\u0627\u0646"].
2025-01-06T12:14:15+00:00 DEBUG Automattic\WooCommerce\GoogleListingsAndAds\Product\WCProductAdapter::map_product_categories Product category (ID: 4003): ["\u0637\u0628\u0627\u0639\u0629 \u062f\u064a\u062c\u064a\u062a\u0627\u0644 > \u0645\u0630\u0643\u0631\u0627\u062a \u0648 \u0646\u0648\u062a\u0627\u062a"].
2025-01-06T12:14:18+00:00 DEBUG Automattic\WooCommerce\GoogleListingsAndAds\Product\WCProductAdapter::map_product_categories Product category (ID: 4708): ["\u062f\u0639\u0627\u064a\u0629 \u0648\u0627\u0639\u0644\u0627\u0646"].
2025-01-06T12:14:29+00:00 DEBUG Automattic\WooCommerce\GoogleListingsAndAds\Product\WCProductAdapter::map_product_categories Product category (ID: 3999): ["\u0637\u0628\u0627\u0639\u0629 \u062f\u064a\u062c\u064a\u062a\u0627\u0644 > \u0645\u0630\u0643\u0631\u0627\u062a \u0648 \u0646\u0648\u062a\u0627\u062a"].
2025-01-06T12:14:32+00:00 DEBUG Automattic\WooCommerce\GoogleListingsAndAds\Product\WCProductAdapter::map_product_categories Product category (ID: 4708): ["\u062f\u0639\u0627\u064a\u0629 \u0648\u0627\u0639\u0644\u0627\u0646"].
2025-01-06T12:14:44+00:00 DEBUG Automattic\WooCommerce\GoogleListingsAndAds\Product\WCProductAdapter::map_product_categories Product category (ID: 3993): ["\u0637\u0628\u0627\u0639\u0629 \u062f\u064a\u062c\u064a\u062a\u0627\u0644 > \u0643\u0648\u0628\u0648\u0646\u0627\u062a"].
2025-01-06T12:14:48+00:00 DEBUG Automattic\WooCommerce\GoogleListingsAndAds\Product\WCProductAdapter::map_product_categories Product category (ID: 4708): ["\u062f\u0639\u0627\u064a\u0629 \u0648\u0627\u0639\u0644\u0627\u0646"].
2025-01-06T12:14:59+00:00 DEBUG Automattic\WooCommerce\GoogleListingsAndAds\Product\WCProductAdapter::map_product_categories Product category (ID: 3989): ["\u0637\u0628\u0627\u0639\u0629 \u062f\u064a\u062c\u064a\u062a\u0627\u0644 > \u0648\u0631\u0642 \u062e\u0637\u0627\u0628\u0627\u062a"].
2025-01-06T12:15:02+00:00 DEBUG Automattic\WooCommerce\GoogleListingsAndAds\Product\WCProductAdapter::map_product_categories Product category (ID: 4708): ["\u062f\u0639\u0627\u064a\u0629 \u0648\u0627\u0639\u0644\u0627\u0646"].
2025-01-06T12:15:13+00:00 DEBUG Automattic\WooCommerce\GoogleListingsAndAds\Product\WCProductAdapter::map_product_categories Product category (ID: 3986): ["\u0637\u0628\u0627\u0639\u0629 \u062f\u064a\u062c\u064a\u062a\u0627\u0644 > \u0648\u0631\u0642 \u062e\u0637\u0627\u0628\u0627\u062a"].
2025-01-06T12:15:17+00:00 DEBUG Automattic\WooCommerce\GoogleListingsAndAds\Product\WCProductAdapter::map_product_categories Product category (ID: 4708): ["\u062f\u0639\u0627\u064a\u0629 \u0648\u0627\u0639\u0644\u0627\u0646"].
2025-01-06T12:15:21+00:00 DEBUG Automattic\WooCommerce\GoogleListingsAndAds\Product\WCProductAdapter::map_product_categories Product category (ID: 3983): ["\u0637\u0628\u0627\u0639\u0629 \u062f\u064a\u062c\u064a\u062a\u0627\u0644 > \u0648\u0631\u0642 \u062e\u0637\u0627\u0628\u0627\u062a"].
2025-01-06T12:15:24+00:00 DEBUG Automattic\WooCommerce\GoogleListingsAndAds\Product\WCProductAdapter::map_product_categories Product category (ID: 4708): ["\u062f\u0639\u0627\u064a\u0629 \u0648\u0627\u0639\u0644\u0627\u0646"].
2025-01-06T12:15:28+00:00 DEBUG Automattic\WooCommerce\GoogleListingsAndAds\Product\WCProductAdapter::map_product_categories Product category (ID: 3667): ["\u062f\u0639\u0627\u064a\u0629 \u0648\u0627\u0639\u0644\u0627\u0646 > \u0631\u0648\u0644 \u0627\u0628"].
2025-01-06T12:15:32+00:00 DEBUG Automattic\WooCommerce\GoogleListingsAndAds\Product\WCProductAdapter::map_product_categories Product category (ID: 4708): ["\u062f\u0639\u0627\u064a\u0629 \u0648\u0627\u0639\u0644\u0627\u0646"].
2025-01-06T12:15:37+00:00 DEBUG Automattic\WooCommerce\GoogleListingsAndAds\Product\WCProductAdapter::map_product_categories Product category (ID: 3653): ["\u0637\u0628\u0627\u0639\u0629 \u062f\u064a\u062c\u064a\u062a\u0627\u0644 > \u062a\u0627\u0642\u0627\u062a"].
2025-01-06T12:15:40+00:00 DEBUG Automattic\WooCommerce\GoogleListingsAndAds\Product\WCProductAdapter::map_product_categories Product category (ID: 4708): ["\u062f\u0639\u0627\u064a\u0629 \u0648\u0627\u0639\u0644\u0627\u0646"].
2025-01-06T12:15:44+00:00 DEBUG Automattic\WooCommerce\GoogleListingsAndAds\Product\WCProductAdapter::map_product_categories Product category (ID: 3626): ["\u0637\u0628\u0627\u0639\u0629 \u062f\u064a\u062c\u064a\u062a\u0627\u0644 > \u0641\u0648\u0627\u062a\u064a\u0631 \u0648\u0633\u0646\u062f\u0627\u062a"].
2025-01-06T12:15:48+00:00 DEBUG Automattic\WooCommerce\GoogleListingsAndAds\Product\WCProductAdapter::map_product_categories Product category (ID: 4708): ["\u062f\u0639\u0627\u064a\u0629 \u0648\u0627\u0639\u0644\u0627\u0646"].
2025-01-06T12:15:52+00:00 DEBUG Automattic\WooCommerce\GoogleListingsAndAds\Product\WCProductAdapter::map_product_categories Product category (ID: 3593): ["\u0637\u0628\u0627\u0639\u0629 \u062f\u064a\u062c\u064a\u062a\u0627\u0644 > \u0641\u0648\u0627\u062a\u064a\u0631 \u0648\u0633\u0646\u062f\u0627\u062a"].
2025-01-06T12:15:55+00:00 DEBUG Automattic\WooCommerce\GoogleListingsAndAds\Product\WCProductAdapter::map_product_categories Product category (ID: 4708): ["\u062f\u0639\u0627\u064a\u0629 \u0648\u0627\u0639\u0644\u0627\u0646"].
2025-01-06T12:15:59+00:00 DEBUG Automattic\WooCommerce\GoogleListingsAndAds\Product\WCProductAdapter::map_product_categories Product category (ID: 3560): ["\u0637\u0628\u0627\u0639\u0629 \u062f\u064a\u062c\u064a\u062a\u0627\u0644 > \u0641\u0648\u0644\u062f\u0631\u0627\u062a"].
2025-01-06T12:16:03+00:00 DEBUG Automattic\WooCommerce\GoogleListingsAndAds\Product\WCProductAdapter::map_product_categories Product category (ID: 4708): ["\u062f\u0639\u0627\u064a\u0629 \u0648\u0627\u0639\u0644\u0627\u0646"].
2025-01-06T12:16:07+00:00 DEBUG Automattic\WooCommerce\GoogleListingsAndAds\Product\WCProductAdapter::map_product_categories Product category (ID: 3545): ["\u0637\u0628\u0627\u0639\u0629 \u062f\u064a\u062c\u064a\u062a\u0627\u0644 > \u0641\u0648\u0644\u062f\u0631\u0627\u062a"].
2025-01-06T12:16:11+00:00 DEBUG Automattic\WooCommerce\GoogleListingsAndAds\Product\WCProductAdapter::map_product_categories Product category (ID: 4708): ["\u062f\u0639\u0627\u064a\u0629 \u0648\u0627\u0639\u0644\u0627\u0646"].
2025-01-06T12:16:16+00:00 DEBUG Automattic\WooCommerce\GoogleListingsAndAds\Product\WCProductAdapter::map_product_categories Product category (ID: 2948): ["\u0637\u0628\u0627\u0639\u0629 \u062f\u064a\u062c\u064a\u062a\u0627\u0644 > \u0643\u0631\u0648\u062a \u0634\u062e\u0635\u064a\u0629"].
2025-01-06T12:16:20+00:00 DEBUG Automattic\WooCommerce\GoogleListingsAndAds\Product\WCProductAdapter::map_product_categories Product category (ID: 4708): ["\u062f\u0639\u0627\u064a\u0629 \u0648\u0627\u0639\u0644\u0627\u0646"].
2025-01-06T12:16:31+00:00 DEBUG Automattic\WooCommerce\GoogleListingsAndAds\Product\WCProductAdapter::map_product_categories Product category (ID: 2499): ["\u062f\u0639\u0627\u064a\u0629 \u0648\u0627\u0639\u0644\u0627\u0646"].
2025-01-06T12:16:34+00:00 DEBUG Automattic\WooCommerce\GoogleListingsAndAds\Product\WCProductAdapter::map_product_categories Product category (ID: 4708): ["\u062f\u0639\u0627\u064a\u0629 \u0648\u0627\u0639\u0644\u0627\u0646"].
2025-01-06T12:16:39+00:00 DEBUG Automattic\WooCommerce\GoogleListingsAndAds\Product\WCProductAdapter::map_product_categories Product category (ID: 1198): ["\u0637\u0628\u0627\u0639\u0629 \u062f\u064a\u062c\u064a\u062a\u0627\u0644","\u0637\u0628\u0627\u0639\u0629 \u062f\u064a\u062c\u064a\u062a\u0627\u0644 > \u0643\u0631\u0648\u062a \u0634\u062e\u0635\u064a\u0629"].
2025-01-06T12:16:43+00:00 DEBUG Automattic\WooCommerce\GoogleListingsAndAds\Product\WCProductAdapter::map_product_categories Product category (ID: 4708): ["\u062f\u0639\u0627\u064a\u0629 \u0648\u0627\u0639\u0644\u0627\u0646"].
2025-01-06T12:16:49+00:00 DEBUG Automattic\WooCommerce\GoogleListingsAndAds\Product\WCProductAdapter::map_product_categories Product category (ID: 1196): ["\u0637\u0628\u0627\u0639\u0629 \u062f\u064a\u062c\u064a\u062a\u0627\u0644 > \u0643\u0631\u0648\u062a \u0634\u062e\u0635\u064a\u0629"].
2025-01-06T12:16:52+00:00 DEBUG Automattic\WooCommerce\GoogleListingsAndAds\Product\WCProductAdapter::map_product_categories Product category (ID: 4708): ["\u062f\u0639\u0627\u064a\u0629 \u0648\u0627\u0639\u0644\u0627\u0646"].
2025-01-06T12:16:56+00:00 DEBUG Automattic\WooCommerce\GoogleListingsAndAds\Product\WCProductAdapter::map_product_categories Product category (ID: 1194): ["\u0637\u0628\u0627\u0639\u0629 \u062f\u064a\u062c\u064a\u062a\u0627\u0644 > \u0643\u0631\u0648\u062a \u0634\u062e\u0635\u064a\u0629"].
2025-01-06T12:16:59+00:00 DEBUG Automattic\WooCommerce\GoogleListingsAndAds\Product\WCProductAdapter::map_product_categories Product category (ID: 4708): ["\u062f\u0639\u0627\u064a\u0629 \u0648\u0627\u0639\u0644\u0627\u0646"].
2025-01-06T12:17:04+00:00 DEBUG Automattic\WooCommerce\GoogleListingsAndAds\Product\WCProductAdapter::map_product_categories Product category (ID: 1192): ["\u0637\u0628\u0627\u0639\u0629 \u062f\u064a\u062c\u064a\u062a\u0627\u0644 > \u0643\u0631\u0648\u062a \u0634\u062e\u0635\u064a\u0629"].
2025-01-06T12:17:07+00:00 DEBUG Automattic\WooCommerce\GoogleListingsAndAds\Product\WCProductAdapter::map_product_categories Product category (ID: 4708): ["\u062f\u0639\u0627\u064a\u0629 \u0648\u0627\u0639\u0644\u0627\u0646"].
2025-01-06T12:17:12+00:00 DEBUG Automattic\WooCommerce\GoogleListingsAndAds\Product\WCProductAdapter::map_product_categories Product category (ID: 203): ["\u0637\u0628\u0627\u0639\u0629 \u062f\u064a\u062c\u064a\u062a\u0627\u0644 > \u0643\u0631\u0648\u062a \u0634\u062e\u0635\u064a\u0629"].
2025-01-06T12:17:16+00:00 DEBUG Automattic\WooCommerce\GoogleListingsAndAds\Product\WCProductAdapter::map_product_categories Product category (ID: 4708): ["\u062f\u0639\u0627\u064a\u0629 \u0648\u0627\u0639\u0644\u0627\u0646"].
2025-01-06T12:17:20+00:00 DEBUG Automattic\WooCommerce\GoogleListingsAndAds\Product\WCProductAdapter::map_product_categories Product category (ID: 201): ["\u0637\u0628\u0627\u0639\u0629 \u062f\u064a\u062c\u064a\u062a\u0627\u0644 > \u0643\u0631\u0648\u062a \u0634\u062e\u0635\u064a\u0629"].
2025-01-06T12:17:24+00:00 DEBUG Automattic\WooCommerce\GoogleListingsAndAds\Product\WCProductAdapter::map_product_categories Product category (ID: 4708): ["\u062f\u0639\u0627\u064a\u0629 \u0648\u0627\u0639\u0644\u0627\u0646"].
2025-01-06T12:17:35+00:00 DEBUG Automattic\WooCommerce\GoogleListingsAndAds\Product\WCProductAdapter::map_product_categories Product category (ID: 200): ["\u0637\u0628\u0627\u0639\u0629 \u062f\u064a\u062c\u064a\u062a\u0627\u0644 > \u0628\u0631\u0634\u0648\u0631\u0627\u062a"].
2025-01-06T12:17:38+00:00 DEBUG Automattic\WooCommerce\GoogleListingsAndAds\Product\WCProductAdapter::map_product_categories Product category (ID: 4708): ["\u062f\u0639\u0627\u064a\u0629 \u0648\u0627\u0639\u0644\u0627\u0646"].
2025-01-06T12:17:43+00:00 DEBUG Automattic\WooCommerce\GoogleListingsAndAds\Product\WCProductAdapter::map_product_categories Product category (ID: 199): ["\u0637\u0628\u0627\u0639\u0629 \u062f\u064a\u062c\u064a\u062a\u0627\u0644 > \u0628\u0631\u0634\u0648\u0631\u0627\u062a"].
2025-01-06T12:17:46+00:00 DEBUG Automattic\WooCommerce\GoogleListingsAndAds\Product\WCProductAdapter::map_product_categories Product category (ID: 4708): ["\u062f\u0639\u0627\u064a\u0629 \u0648\u0627\u0639\u0644\u0627\u0646"].
2025-01-06T12:17:51+00:00 DEBUG Automattic\WooCommerce\GoogleListingsAndAds\Product\WCProductAdapter::map_product_categories Product category (ID: 40): ["\u0637\u0628\u0627\u0639\u0629 \u062f\u064a\u062c\u064a\u062a\u0627\u0644 > \u0628\u0631\u0634\u0648\u0631\u0627\u062a"].
2025-01-06T12:17:54+00:00 DEBUG Automattic\WooCommerce\GoogleListingsAndAds\Product\WCProductAdapter::map_product_categories Product category (ID: 4708): ["\u062f\u0639\u0627\u064a\u0629 \u0648\u0627\u0639\u0644\u0627\u0646"].
2025-01-06T12:18:00+00:00 DEBUG Automattic\WooCommerce\GoogleListingsAndAds\Product\WCProductAdapter::map_product_categories Product category (ID: 198): ["\u0637\u0628\u0627\u0639\u0629 \u062f\u064a\u062c\u064a\u062a\u0627\u0644 > \u0628\u0631\u0634\u0648\u0631\u0627\u062a"].
2025-01-06T12:18:03+00:00 DEBUG Automattic\WooCommerce\GoogleListingsAndAds\Product\WCProductAdapter::map_product_categories Product category (ID: 4708): ["\u062f\u0639\u0627\u064a\u0629 \u0648\u0627\u0639\u0644\u0627\u0646"].
2025-01-06T12:18:07+00:00 DEBUG Automattic\WooCommerce\GoogleListingsAndAds\Product\WCProductAdapter::map_product_categories Product category (ID: 197): ["\u0637\u0628\u0627\u0639\u0629 \u062f\u064a\u062c\u064a\u062a\u0627\u0644 > \u0628\u0631\u0634\u0648\u0631\u0627\u062a"].
2025-01-06T12:18:10+00:00 DEBUG Automattic\WooCommerce\GoogleListingsAndAds\Product\WCProductAdapter::map_product_categories Product category (ID: 4708): ["\u062f\u0639\u0627\u064a\u0629 \u0648\u0627\u0639\u0644\u0627\u0646"].
2025-01-06T12:18:14+00:00 DEBUG Automattic\WooCommerce\GoogleListingsAndAds\Product\WCProductAdapter::map_product_categories Product category (ID: 22): ["\u0637\u0628\u0627\u0639\u0629 \u062f\u064a\u062c\u064a\u062a\u0627\u0644 > \u0628\u0631\u0634\u0648\u0631\u0627\u062a"].
2025-01-06T12:18:18+00:00 DEBUG Automattic\WooCommerce\GoogleListingsAndAds\Product\WCProductAdapter::map_product_categories Product category (ID: 4708): ["\u062f\u0639\u0627\u064a\u0629 \u0648\u0627\u0639\u0644\u0627\u0646"].
