2025-01-21T03:01:20+00:00 DEBUG Automattic\WooCommerce\GoogleListingsAndAds\Product\WCProductAdapter::map_product_categories Product category (ID: 203): ["\u0637\u0628\u0627\u0639\u0629 \u062f\u064a\u062c\u064a\u062a\u0627\u0644 > \u0643\u0631\u0648\u062a \u0634\u062e\u0635\u064a\u0629"].
2025-01-21T03:01:20+00:00 DEBUG Automattic\WooCommerce\GoogleListingsAndAds\Product\WCProductAdapter::map_product_categories Product category (ID: 2499): ["\u062f\u0639\u0627\u064a\u0629 \u0648\u0627\u0639\u0644\u0627\u0646"].
2025-01-21T03:01:20+00:00 DEBUG Automattic\WooCommerce\GoogleListingsAndAds\Product\WCProductAdapter::map_product_categories Product category (ID: 4277): ["\u062f\u0639\u0627\u064a\u0629 \u0648\u0627\u0639\u0644\u0627\u0646 > \u0631\u0648\u0644 \u0627\u0628"].
2025-01-21T03:01:20+00:00 DEBUG Automattic\WooCommerce\GoogleListingsAndAds\Product\WCProductAdapter::map_product_categories Product category (ID: 4283): ["\u062f\u0639\u0627\u064a\u0629 \u0648\u0627\u0639\u0644\u0627\u0646 > \u0631\u0648\u0644 \u0627\u0628"].
2025-01-21T03:01:20+00:00 DEBUG Automattic\WooCommerce\GoogleListingsAndAds\Product\WCProductAdapter::map_product_categories Product category (ID: 4289): ["\u062f\u0639\u0627\u064a\u0629 \u0648\u0627\u0639\u0644\u0627\u0646 > \u0631\u0648\u0644 \u0627\u0628"].
2025-01-21T03:01:20+00:00 DEBUG Automattic\WooCommerce\GoogleListingsAndAds\Product\WCProductAdapter::map_product_categories Product category (ID: 4293): ["\u062f\u0639\u0627\u064a\u0629 \u0648\u0627\u0639\u0644\u0627\u0646 > \u0631\u0648\u0644 \u0627\u0628"].
2025-01-21T03:01:20+00:00 DEBUG Automattic\WooCommerce\GoogleListingsAndAds\Product\WCProductAdapter::map_product_categories Product category (ID: 4297): ["\u062f\u0639\u0627\u064a\u0629 \u0648\u0627\u0639\u0644\u0627\u0646 > \u0641\u0644\u064a\u0646"].
2025-01-21T03:01:20+00:00 DEBUG Automattic\WooCommerce\GoogleListingsAndAds\Product\WCProductAdapter::map_product_categories Product category (ID: 4301): ["\u062f\u0639\u0627\u064a\u0629 \u0648\u0627\u0639\u0644\u0627\u0646 > \u0641\u0648\u0631\u0643\u0633"].
2025-01-21T03:01:20+00:00 DEBUG Automattic\WooCommerce\GoogleListingsAndAds\Product\WCProductAdapter::map_product_categories Product category (ID: 4317): ["\u062f\u0639\u0627\u064a\u0629 \u0648\u0627\u0639\u0644\u0627\u0646 > \u0637\u0627\u0648\u0644\u0627\u062a \u0628\u0648\u0628 \u0627\u0628"].
2025-01-21T03:01:20+00:00 DEBUG Automattic\WooCommerce\GoogleListingsAndAds\Product\WCProductAdapter::map_product_categories Product category (ID: 4321): ["\u062f\u0639\u0627\u064a\u0629 \u0648\u0627\u0639\u0644\u0627\u0646 > \u0637\u0627\u0648\u0644\u0627\u062a \u0628\u0648\u0628 \u0627\u0628"].
2025-01-21T03:01:20+00:00 DEBUG Automattic\WooCommerce\GoogleListingsAndAds\Product\WCProductAdapter::map_product_categories Product category (ID: 4325): ["\u062f\u0639\u0627\u064a\u0629 \u0648\u0627\u0639\u0644\u0627\u0646 > \u0637\u0627\u0648\u0644\u0627\u062a \u0628\u0648\u0628 \u0627\u0628"].
2025-01-21T03:01:20+00:00 DEBUG Automattic\WooCommerce\GoogleListingsAndAds\Product\WCProductAdapter::map_product_categories Product category (ID: 4330): ["\u062f\u0639\u0627\u064a\u0629 \u0648\u0627\u0639\u0644\u0627\u0646 > \u0637\u0627\u0648\u0644\u0627\u062a \u0628\u0648\u0628 \u0627\u0628"].
2025-01-21T03:01:20+00:00 DEBUG Automattic\WooCommerce\GoogleListingsAndAds\Product\WCProductAdapter::map_product_categories Product category (ID: 4333): ["\u062f\u0639\u0627\u064a\u0629 \u0648\u0627\u0639\u0644\u0627\u0646 > \u0637\u0627\u0648\u0644\u0627\u062a \u0628\u0648\u0628 \u0627\u0628"].
2025-01-21T03:01:20+00:00 DEBUG Automattic\WooCommerce\GoogleListingsAndAds\Product\WCProductAdapter::map_product_categories Product category (ID: 4337): ["\u062f\u0639\u0627\u064a\u0629 \u0648\u0627\u0639\u0644\u0627\u0646 > \u0628\u0648\u0628 \u0627\u0628"].
2025-01-21T03:01:20+00:00 DEBUG Automattic\WooCommerce\GoogleListingsAndAds\Product\WCProductAdapter::map_product_categories Product category (ID: 4708): ["\u062f\u0639\u0627\u064a\u0629 \u0648\u0627\u0639\u0644\u0627\u0646"].
2025-01-21T03:01:20+00:00 DEBUG Automattic\WooCommerce\GoogleListingsAndAds\Product\BatchProductHelper::validate_and_generate_update_request_entries Skipping product (ID: 4708) because it does not pass validation: {"woocommerce_id":4708,"errors":["[price.value] Product must have a valid price and currency."]}
2025-01-21T03:01:23+00:00 DEBUG Automattic\WooCommerce\GoogleListingsAndAds\Product\ProductSyncer::update_by_batch_requests Submitted 14 products:
[{"woocommerce_id":203,"google_id":"online:ar:SA:gla_203"},{"woocommerce_id":2499,"google_id":"online:ar:SA:gla_2499"},{"woocommerce_id":4277,"google_id":"online:ar:SA:gla_4277"},{"woocommerce_id":4283,"google_id":"online:ar:SA:gla_4283"},{"woocommerce_id":4289,"google_id":"online:ar:SA:gla_4289"},{"woocommerce_id":4293,"google_id":"online:ar:SA:gla_4293"},{"woocommerce_id":4297,"google_id":"online:ar:SA:gla_4297"},{"woocommerce_id":4301,"google_id":"online:ar:SA:gla_4301"},{"woocommerce_id":4317,"google_id":"online:ar:SA:gla_4317"},{"woocommerce_id":4321,"google_id":"online:ar:SA:gla_4321"},{"woocommerce_id":4325,"google_id":"online:ar:SA:gla_4325"},{"woocommerce_id":4330,"google_id":"online:ar:SA:gla_4330"},{"woocommerce_id":4333,"google_id":"online:ar:SA:gla_4333"},{"woocommerce_id":4337,"google_id":"online:ar:SA:gla_4337"}]
2025-01-21T08:43:47+00:00 DEBUG Automattic\WooCommerce\GoogleListingsAndAds\Product\WCProductAdapter::map_product_categories Product category (ID: 4927): ["\u0637\u0628\u0627\u0639\u0629 \u0627\u062d\u062a\u0641\u0627\u0644\u0627\u062a"].
2025-01-21T08:43:49+00:00 DEBUG Automattic\WooCommerce\GoogleListingsAndAds\Product\ProductSyncer::update_by_batch_requests Submitted 1 products:
[{"woocommerce_id":4927,"google_id":"online:ar:SA:gla_4927"}]
